Quicksort
1kb
ordenado
real 0.00
user 0.00
sys 0.00
orden invertido
real 0.00
user 0.00
sys 0.00
aleatorio
real 0.00
user 0.00
sys 0.00
8kb
ordenado
real 0.00
user 0.00
sys 0.00
orden invertido
real 0.00
user 0.00
sys 0.00
aleatorio
real 0.00
user 0.00
sys 0.00
16kb
ordenado
real 0.00
user 0.00
sys 0.00
orden invertido
real 0.00
user 0.00
sys 0.00
aleatorio
real 0.00
user 0.00
sys 0.00
Stoogesort
1kb
ordenado
real 0.00
user 0.00
sys 0.00
orden invertido
real 0.00
user 0.00
sys 0.00
aleatorio
real 0.00
user 0.00
sys 0.00
8kb
ordenado
real 0.01
user 0.01
sys 0.00
orden invertido
real 0.02
user 0.02
sys 0.00
aleatorio
real 0.01
user 0.01
sys 0.00
16kb
ordenado
real 0.02
user 0.02
sys 0.00
orden invertido
real 0.01
user 0.01
sys 0.00
aleatorio
real 0.02
user 0.02
sys 0.00
